2026-06-05 12:33:07  C:\Users\WORK---PC\Desktop\mgx-research\.memory\mgx-schema.md
2026-06-05 12:37:45  C:\Users\WORK---PC\Desktop\mgx-research\next.config.ts
2026-06-05 12:38:03  C:\Users\WORK---PC\Desktop\mgx-research\app\globals.css
2026-06-05 12:38:07  C:\Users\WORK---PC\Desktop\mgx-research\app\layout.tsx
2026-06-05 12:39:41  C:\Users\WORK---PC\Desktop\mgx-research\components\Header.tsx
2026-06-05 12:40:01  C:\Users\WORK---PC\Desktop\mgx-research\app\page.tsx
2026-06-05 12:44:34  C:\Users\WORK---PC\Desktop\mgx-research\app\layout.tsx
2026-06-05 12:44:58  C:\Users\WORK---PC\Desktop\mgx-research\app\globals.css
2026-06-05 12:51:09  C:\Users\WORK---PC\Desktop\mgx-research\app\layout.tsx
2026-06-05 12:51:35  C:\Users\WORK---PC\Desktop\mgx-research\app\globals.css
2026-06-05 12:51:53  C:\Users\WORK---PC\Desktop\mgx-research\components\Header.tsx
2026-06-05 12:52:12  C:\Users\WORK---PC\Desktop\mgx-research\components\Header.tsx
2026-06-05 12:52:25  C:\Users\WORK---PC\Desktop\mgx-research\components\Header.tsx
2026-06-05 12:52:35  C:\Users\WORK---PC\Desktop\mgx-research\components\Header.tsx
2026-06-05 12:52:41  C:\Users\WORK---PC\Desktop\mgx-research\components\Header.tsx
2026-06-05 12:52:50  C:\Users\WORK---PC\Desktop\mgx-research\components\Header.tsx
2026-06-05 12:52:57  C:\Users\WORK---PC\Desktop\mgx-research\components\Header.tsx
2026-06-05 12:53:06  C:\Users\WORK---PC\Desktop\mgx-research\components\Header.tsx
2026-06-05 12:59:17  C:\Users\WORK---PC\Desktop\mgx-research\app\globals.css
2026-06-05 12:59:30  C:\Users\WORK---PC\Desktop\mgx-research\components\Header.tsx
2026-06-05 12:59:51  C:\Users\WORK---PC\Desktop\mgx-research\components\Header.tsx
2026-06-05 13:00:31  C:\Users\WORK---PC\Desktop\mgx-research\components\Header.tsx
2026-06-05 13:00:49  C:\Users\WORK---PC\Desktop\mgx-research\components\Header.tsx
2026-06-05 13:01:04  C:\Users\WORK---PC\Desktop\mgx-research\components\Header.tsx
2026-06-05 13:04:02  C:\Users\WORK---PC\Desktop\mgx-research\components\Header.tsx
2026-06-05 13:04:09  C:\Users\WORK---PC\Desktop\mgx-research\components\Header.tsx
2026-06-05 13:05:49  C:\Users\WORK---PC\Desktop\mgx-research\components\Header.tsx
2026-06-05 13:09:33  C:\Users\WORK---PC\Desktop\mgx-research\components\Header.tsx
2026-06-05 13:10:01  C:\Users\WORK---PC\Desktop\mgx-research\components\Header.tsx
2026-06-05 13:11:36  C:\Users\WORK---PC\Desktop\mgx-research\components\Header.tsx
2026-06-05 13:13:47  C:\Users\WORK---PC\Desktop\mgx-research\components\Header.tsx
2026-06-05 13:13:55  C:\Users\WORK---PC\Desktop\mgx-research\components\Header.tsx
